// Jest Snapshot v1, https://goo.gl/fbAQLP

exports[`fetchCryptos Saga should call the cryptossLoadingError action if the response errors 1`] = `
Object {
  "@@redux-saga/IO": true,
  "combinator": false,
  "payload": Object {
    "args": Array [
      "http://localhost:3000/api/",
    ],
    "context": null,
    "fn": [Function],
  },
  "type": "CALL",
}
`;

exports[`fetchCryptos Saga should dispatch the cryptosLoaded action if it requests the data successfully 1`] = `
Object {
  "@@redux-saga/IO": true,
  "combinator": false,
  "payload": Object {
    "args": Array [
      "http://localhost:3000/api/",
    ],
    "context": null,
    "fn": [Function],
  },
  "type": "CALL",
}
`;
